// Jest Snapshot v1, https://goo.gl/fbAQLP

exports[`Home header renders correctly 1`] = `undefined`;
