// Jest Snapshot v1, https://goo.gl/fbAQLP

exports[`Home list renders correctly 1`] = `undefined`;
